=== RUN   TestExport_C4Levels
DEBUG: D2 Script:
# Generated by Sruja
direction: right

Sys1: "System 1" {
  shape: package
  tooltip: "SRUJA_ID:Sys1"
  Cont1: "Container 1" {
    shape: package
    tooltip: "SRUJA_ID:Cont1"
    Comp1: "Component 1" {
      shape: class
      tooltip: "SRUJA_ID:Comp1"
    }
  }
}


DEBUG: LayoutResolver called for engine: dagre
[2m2025-11-29T23:57:10+05:30[0m [33mWARN [0m missing slog.Logger in context, see lib/log.With stack=goroutine 23 [running]:
runtime/debug.Stack()
	/opt/homebrew/Cellar/go/1.25.4/libexec/src/runtime/debug/stack.go:26 +0x64
oss.terrastruct.com/d2/lib/log.from({0x10155b2e8, 0x101c8f620})
	/Users/dilipkola/go/pkg/mod/oss.terrastruct.com/d2@v0.7.1/lib/log/log.go:23 +0x64
oss.terrastruct.com/d2/lib/log.Debug({0x10155b2e8, 0x101c8f620}, {0x10078a726, 0xe}, {0x1400004d458, 0x2, 0x2})
	/Users/dilipkola/go/pkg/mod/oss.terrastruct.com/d2@v0.7.1/lib/log/log.go:53 +0x38
oss.terrastruct.com/d2/d2layouts.LayoutNested({0x10155b2e8, 0x101c8f620}, 0x140004460e0, {0x0?, {0x0?, 0x0?}}, 0x10154d920, 0x10154e090)
	/Users/dilipkola/go/pkg/mod/oss.terrastruct.com/d2@v0.7.1/d2layouts/d2layouts.go:264 +0x100c
oss.terrastruct.com/d2/d2lib.compile({0x10155b2e8, 0x101c8f620}, 0x140004460e0, 0x1400004d7b8, 0x1400004d828)
	/Users/dilipkola/go/pkg/mod/oss.terrastruct.com/d2@v0.7.1/d2lib/d2.go:119 +0xc0
oss.terrastruct.com/d2/d2lib.Compile({0x10155b2e8, 0x101c8f620}, {0x1400037e600, 0x10b}, 0x1400051b8a0?, 0x1?)
	/Users/dilipkola/go/pkg/mod/oss.terrastruct.com/d2@v0.7.1/d2lib/d2.go:81 +0x2ac
github.com/sruja-ai/sruja/pkg/export/svg.(*Exporter).Export(0x1400004dae0, 0x1400004dc28)
	/Users/dilipkola/Workspace/sruja-lang/pkg/export/svg/svg.go:58 +0x20c
github.com/sruja-ai/sruja/pkg/export/svg.TestExport_C4Levels(0x14000504700)
	/Users/dilipkola/Workspace/sruja-lang/pkg/export/svg/svg_test.go:295 +0x1fc
testing.tRunner(0x14000504700, 0x10154d7e8)
	/opt/homebrew/Cellar/go/1.25.4/libexec/src/testing/testing.go:1934 +0xc8
created by testing.(*T).Run in goroutine 1
	/opt/homebrew/Cellar/go/1.25.4/libexec/src/testing/testing.go:1997 +0x364

[2m2025-11-29T23:57:11+05:30[0m [33mWARN [0m missing slog.Logger in context, see lib/log.With stack=goroutine 23 [running]:
runtime/debug.Stack()
	/opt/homebrew/Cellar/go/1.25.4/libexec/src/runtime/debug/stack.go:26 +0x64
oss.terrastruct.com/d2/lib/log.from({0x10155b2e8, 0x101c8f620})
	/Users/dilipkola/go/pkg/mod/oss.terrastruct.com/d2@v0.7.1/lib/log/log.go:23 +0x64
oss.terrastruct.com/d2/lib/log.Debug({0x10155b2e8, 0x101c8f620}, {0x100778472, 0x4}, {0x14003d0f458, 0x2, 0x2})
	/Users/dilipkola/go/pkg/mod/oss.terrastruct.com/d2@v0.7.1/lib/log/log.go:53 +0x38
oss.terrastruct.com/d2/d2layouts.LayoutNested({0x10155b2e8, 0x101c8f620}, 0x140004460e0, {0x0?, {0x0?, 0x0?}}, 0x10154d920, 0x10154e090)
	/Users/dilipkola/go/pkg/mod/oss.terrastruct.com/d2@v0.7.1/d2layouts/d2layouts.go:339 +0x1400
oss.terrastruct.com/d2/d2lib.compile({0x10155b2e8, 0x101c8f620}, 0x140004460e0, 0x14003d0f7b8, 0x14003d0f828)
	/Users/dilipkola/go/pkg/mod/oss.terrastruct.com/d2@v0.7.1/d2lib/d2.go:119 +0xc0
oss.terrastruct.com/d2/d2lib.Compile({0x10155b2e8, 0x101c8f620}, {0x1400037e600, 0x10b}, 0x1400051b8a0?, 0x1?)
	/Users/dilipkola/go/pkg/mod/oss.terrastruct.com/d2@v0.7.1/d2lib/d2.go:81 +0x2ac
github.com/sruja-ai/sruja/pkg/export/svg.(*Exporter).Export(0x14003d0fae0, 0x14003d0fc28)
	/Users/dilipkola/Workspace/sruja-lang/pkg/export/svg/svg.go:58 +0x20c
github.com/sruja-ai/sruja/pkg/export/svg.TestExport_C4Levels(0x14000504700)
	/Users/dilipkola/Workspace/sruja-lang/pkg/export/svg/svg_test.go:295 +0x1fc
testing.tRunner(0x14000504700, 0x10154d7e8)
	/opt/homebrew/Cellar/go/1.25.4/libexec/src/testing/testing.go:1934 +0xc8
created by testing.(*T).Run in goroutine 1
	/opt/homebrew/Cellar/go/1.25.4/libexec/src/testing/testing.go:1997 +0x364

--- PASS: TestExport_C4Levels (0.37s)
PASS
ok  	github.com/sruja-ai/sruja/pkg/export/svg	0.802s
